{
  "components": {
    "schemas": {
      "AuthorizationRequired": {
        "properties": {
          "message": {
            "default": "Authorization is required to access this data source",
            "title": "Message",
            "type": "string"
          }
        },
        "title": "AuthorizationRequired",
        "type": "object"
      },
      "AuthorizationRequiredForUnpublished": {
        "properties": {
          "message": {
            "default": "Unpublished data sources require preview token",
            "title": "Message",
            "type": "string"
          }
        },
        "title": "AuthorizationRequiredForUnpublished",
        "type": "object"
      },
      "CoffeeBrewingRequest": {
        "properties": {
          "brew": {
            "description": "Kind of drink to brew",
            "example": "coffee",
            "title": "Brew",
            "type": "string"
          }
        },
        "required": [
          "brew"
        ],
        "title": "CoffeeBrewingRequest",
        "type": "object"
      },
      "CoffeeBrewingResponse": {
        "properties": {
          "ok": {
            "example": true,
            "title": "OK",
            "type": "boolean"
          }
        },
        "required": [
          "ok"
        ],
        "title": "CoffeeBrewingResponse",
        "type": "object"
      },
      "ConsentRequired": {
        "properties": {
          "message": {
            "default": "Consent is required to access this data source",
            "title": "Message",
            "type": "string"
          }
        },
        "title": "ConsentRequired",
        "type": "object"
      },
      "DataSourceError": {
        "properties": {
          "error": {
            "description": "Raw error from the data source",
            "title": "Original error"
          },
          "message": {
            "default": "Data source returned an error",
            "title": "Message",
            "type": "string"
          },
          "status": {
            "description": "Status code from the data source",
            "minimum": 400.0,
            "title": "Status code",
            "type": "integer"
          }
        },
        "required": [
          "status",
          "error"
        ],
        "title": "DataSourceError",
        "type": "object"
      },
      "DataSourceNotFound": {
        "properties": {
          "message": {
            "default": "Requested data source is not found",
            "title": "Message",
            "type": "string"
          }
        },
        "title": "DataSourceNotFound",
        "type": "object"
      },
      "DataSourceTimeout": {
        "properties": {
          "message": {
            "default": "Timeout reached while communicating with the data source",
            "title": "Message",
            "type": "string"
          }
        },
        "title": "DataSourceTimeout",
        "type": "object"
      },
      "DataSourceUnavailable": {
        "properties": {
          "message": {
            "default": "Error while communicating with the data source",
            "title": "Message",
            "type": "string"
          }
        },
        "title": "DataSourceUnavailable",
        "type": "object"
      },
      "DoesNotConformToDefinition": {
        "properties": {
          "message": {
            "default": "Response from the data source does not conform to definition",
            "title": "Message",
            "type": "string"
          }
        },
        "title": "DoesNotConformToDefinition",
        "type": "object"
      },
      "HTTPValidationError": {
        "properties": {
          "detail": {
            "items": {
              "$ref": "#/components/schemas/ValidationError"
            },
            "title": "Detail",
            "type": "array"
          }
        },
        "title": "HTTPValidationError",
        "type": "object"
      },
      "ResponseFor401": {
        "anyOf": [
          {
            "$ref": "#/components/schemas/AuthorizationRequired"
          },
          {
            "$ref": "#/components/schemas/AuthorizationRequiredForUnpublished"
          }
        ],
        "title": "ResponseFor401"
      },
      "ResponseFor502": {
        "anyOf": [
          {
            "$ref": "#/components/schemas/DoesNotConformToDefinition"
          },
          {
            "$ref": "#/components/schemas/DataSourceError"
          }
        ],
        "title": "ResponseFor502"
      },
      "TeaPotError": {
        "properties": {
          "errorMessage": {
            "example": "I'm a teapot",
            "title": "Error message",
            "type": "string"
          },
          "ok": {
            "example": false,
            "title": "OK",
            "type": "boolean"
          }
        },
        "required": [
          "ok",
          "errorMessage"
        ],
        "title": "TeaPotError",
        "type": "object"
      },
      "ValidationError": {
        "properties": {
          "loc": {
            "items": {
              "anyOf": [
                {
                  "type": "string"
                },
                {
                  "type": "integer"
                }
              ]
            },
            "title": "Location",
            "type": "array"
          },
          "msg": {
            "title": "Message",
            "type": "string"
          },
          "type": {
            "title": "Error Type",
            "type": "string"
          }
        },
        "required": [
          "loc",
          "msg",
          "type"
        ],
        "title": "ValidationError",
        "type": "object"
      }
    }
  },
  "info": {
    "description": "Coffee brewer",
    "title": "Coffee brewer",
    "version": "1.0.0"
  },
  "openapi": "3.0.2",
  "paths": {
    "/Appliance/CoffeeBrewer": {
      "post": {
        "deprecated": true,
        "description": "Coffee brewer",
        "operationId": "request_Appliance_CoffeeBrewer",
        "parameters": [
          {
            "description": "Optional consent token",
            "in": "header",
            "name": "x-consent-token",
            "required": false,
            "schema": {
              "description": "Optional consent token",
              "title": "X-Consent-Token",
              "type": "string"
            }
          },
          {
            "description": "The login token. Value should be \"Bearer [token]\"",
            "in": "header",
            "name": "authorization",
            "required": false,
            "schema": {
              "description": "The login token. Value should be \"Bearer [token]\"",
              "title": "Authorization",
              "type": "string"
            }
          },
          {
            "description": "The bare domain of the system that provided the token.",
            "in": "header",
            "name": "x-authorization-provider",
            "required": false,
            "schema": {
              "description": "The bare domain of the system that provided the token.",
              "title": "X-Authorization-Provider",
              "type": "string"
            }
          }
        ],
        "requestBody": {
          "content": {
            "application/json": {
              "schema": {
                "$ref": "#/components/schemas/CoffeeBrewingRequest"
              }
            }
          },
          "required": true
        },
        "responses": {
          "200": {
            "content": {
              "application/json": {
                "schema": {
                  "$ref": "#/components/schemas/CoffeeBrewingResponse"
                }
              }
            },
            "description": "Successful Response"
          },
          "401": {
            "content": {
              "application/json": {
                "schema": {
                  "$ref": "#/components/schemas/ResponseFor401"
                }
              }
            },
            "description": "Unauthorized"
          },
          "403": {
            "content": {
              "application/json": {
                "schema": {
                  "$ref": "#/components/schemas/ConsentRequired"
                }
              }
            },
            "description": "Forbidden"
          },
          "404": {
            "content": {
              "application/json": {
                "schema": {
                  "$ref": "#/components/schemas/DataSourceNotFound"
                }
              }
            },
            "description": "Not Found"
          },
          "418": {
            "content": {
              "application/json": {
                "schema": {
                  "$ref": "#/components/schemas/TeaPotError"
                }
              }
            },
            "description": "I'm a teapot"
          },
          "422": {
            "content": {
              "application/json": {
                "schema": {
                  "$ref": "#/components/schemas/HTTPValidationError"
                }
              }
            },
            "description": "Validation Error"
          },
          "502": {
            "content": {
              "application/json": {
                "schema": {
                  "$ref": "#/components/schemas/ResponseFor502"
                }
              }
            },
            "description": "Bad Gateway"
          },
          "503": {
            "content": {
              "application/json": {
                "schema": {
                  "$ref": "#/components/schemas/DataSourceUnavailable"
                }
              }
            },
            "description": "Service Unavailable"
          },
          "504": {
            "content": {
              "application/json": {
                "schema": {
                  "$ref": "#/components/schemas/DataSourceTimeout"
                }
              }
            },
            "description": "Gateway Timeout"
          }
        },
        "summary": "Coffee brewer"
      }
    }
  }
}
